// Jest Snapshot v1, https://goo.gl/fbAQLP

exports[`Button Component matches snapshot 1`] = `
<button
  className="undefined undefined"
  onClick={[Function]}
  type="button"
>
  AC
</button>
`;
